<html>
<body>
<pre>
<h1>µVision Build Log</h1>
<h2>Tool Versions:</h2>
IDE-Version: µVision V5.38.0.0
Copyright (C) 2022 ARM Ltd and ARM Germany GmbH. All rights reserved.
License Information: ps ps, ps, LIC=----
 
Tool Versions:
Toolchain:       MDK-Lite  Version: 5.38.0.0
Toolchain Path:  C:\Keil_MDKv5\ARM\ARMCLANG\Bin
C Compiler:      ArmClang.exe V6.19
Assembler:       Armasm.exe V6.19
Linker/Locator:  ArmLink.exe V6.19
Library Manager: ArmAr.exe V6.19
Hex Converter:   FromElf.exe V6.19
CPU DLL:         SARMCM3.DLL V5.38.0.0
Dialog DLL:      DARMCM1.DLL V1.19.6.0
Target DLL:      Segger\JL2CM3.dll V2.99.42.0
Dialog DLL:      TARMCM1.DLL V1.14.6.0
 
<h2>Project:</h2>
C:\Users\peter\Desktop\lks08x_foc_open_senseless_WORK\lks08x_foc_open_Senseless.uvprojx
Project File Date:  11/08/2024

<h2>Output:</h2>
*** Using Compiler 'V6.19', folder: 'C:\Keil_MDKv5\ARM\ARMCLANG\Bin'
Build target 'lks08x_foc_open_Senseless'
compiling foc_drive.c...
linking...
Program Size: Code=6952 RO-data=208 RW-data=0 ZI-data=1640  
".\Objects\lks08x_foc_open_Senseless.axf" - 0 Error(s), 0 Warning(s).

<h2>Software Packages used:</h2>

Package Vendor: ARM
                http://www.keil.com/pack/ARM.CMSIS.5.9.0.pack
                ARM.CMSIS.5.9.0
                CMSIS (Common Microcontroller Software Interface Standard)
   * Component: CORE Version: 5.6.0

Package Vendor: Linko
                https://www.lksmcu.com/index.php/LKS08Series/Linko.LKS08x.1.1.0.pack
                Linko.LKS08x.1.1.0
                LKS08 Device Family Pack

<h2>Collection of Component include folders:</h2>
  ./RTE/_lks08x_foc_open_Senseless
  C:/Users/peter/AppData/Local/Arm/Packs/ARM/CMSIS/5.9.0/CMSIS/Core/Include
  C:/Users/peter/AppData/Local/Arm/Packs/Linko/LKS08x/1.1.0/Device/Include

<h2>Collection of Component Files used:</h2>

   * Component: ARM::CMSIS:CORE:5.6.0
Build Time Elapsed:  00:00:00
</pre>
</body>
</html>
